(module
 (type $0 (func))
 (memory $0 256 256)
 (data (i32.const 10) "was\00\00\00aka yzkx waka waka")
 (export "test1" (func $test1))
 (export "test2" (func $test2))
 (export "test3" (func $test3))
 (func $test1 (type $0)
  (nop)
 )
 (func $test2 (type $0)
  (nop)
 )
 (func $test3 (type $0)
  (nop)
 )
)
