(module
 (type $0 (func))
 (memory $0 256 256)
 (data (i32.const 10) "waka waka waka waka waka")
 (export "test1" (func $test1))
 (export "test2" (func $test2))
 (export "test3" (func $test3))
 (func $test1 (type $0)
  (i32.store8
   (i32.const 34)
   (i32.const 109)
  )
  (i32.store
   (i32.const 12)
   (i32.const 115)
  )
  (i32.store16
   (i32.const 20)
   (i32.const 31353)
  )
  (i32.store8
   (i32.const 23)
   (i32.const 120)
  )
 )
)
